     1                                  
     2                                  bits 64
     3                                  segment .data ; a.k.a DS - Data Segment
     4 00000000 0A141E28                    SOURCE: db  10, 20, 30, 40
     5                                  segment .bss
     6 00000000 ????????                    DEST:   resb    4
     7                                  segment .text ; a.k.a CS - Code Segment
     8                                  global _start
     9                                  _start:
    10 00000000 4889E5                      mov rbp, rsp; for correct debugging
    11                                      
    12 00000003 4831C0                      xor rax, rax
    13                                  
    14 00000006 C60425[00000000]00          mov byte [DEST], 0
    15 0000000E C60425[01000000]00          mov byte [DEST + 1], 0
    16 00000016 C60425[02000000]00          mov byte [DEST + 2], 0
    17 0000001E C60425[03000000]00          mov byte [DEST + 3], 0
    18                                      
    19 00000026 8A0425[00000000]            mov al, byte [SOURCE]
    20 0000002D 880425[03000000]            mov byte [DEST + 3], al
    21                                      
    22 00000034 8A0425[01000000]            mov al, byte [SOURCE + 1]
    23 0000003B 880425[02000000]            mov byte [DEST + 2], al
    24                                      
    25 00000042 8A0425[02000000]            mov al, byte [SOURCE + 2]
    26 00000049 880425[01000000]            mov byte [DEST + 1], al
    27                                      
    28 00000050 8A0425[03000000]            mov al, byte [SOURCE + 3]
    29 00000057 880425[00000000]            mov byte [DEST], al
    30                                  
    31 0000005E B83C000000                  mov rax, 60                 ; system call for exit
    32 00000063 4831FF                      xor rdi, rdi                ; exit code 0
    33 00000066 0F05                        syscall                
